// Jest Snapshot v1, https://goo.gl/fbAQLP

exports[`makeAnimation check style output 1`] = `"st-animation-1"`;

exports[`makeAnimation check style output 2`] = `
"@keyframes st-animation-1 {
  0% {
    top: 0px;
    left: 0px;
    background: red;
  }
  25% {
    top: 0px;
    left: 100px;
    background: blue;
  }
  50% {
    top: 100px;
    left: 100px;
    background: yellow;
  }
  75% {
    top: 100px;
    left: 0px;
    background: green;
  }
  100% {
    top: 0px;
    left: 0px;
    background: red;
  }
}"
`;

exports[`makeAnimation check style output 3`] = `
Object {
  "attributes": Object {
    "type": "text/css",
  },
  "type": "style",
}
`;
